// Vitest Snapshot v1, https://vitest.dev/guide/snapshot.html

exports[`generated API surface > matches the recorded surface 1`] = `
"altCurrencies.create()
altCurrencies.delete()
altCurrencies.iterate()
altCurrencies.list()
altCurrencies.update()
benefits.applications.create()
benefits.applications.get()
benefits.applications.iterate()
benefits.applications.list()
benefits.categories.create()
benefits.categories.delete()
benefits.categories.get()
benefits.categories.list()
benefits.categories.update()
benefits.create()
benefits.delete()
benefits.get()
benefits.iterate()
benefits.list()
benefits.update()
billing.creditNotes.create()
billing.creditNotes.get()
billing.creditNotes.iterate()
billing.creditNotes.list()
billing.creditNotes.preview()
billing.creditNotes.update()
billing.invoices.cancelPayment()
billing.invoices.create()
billing.invoices.delete()
billing.invoices.duplicate()
billing.invoices.get()
billing.invoices.getItems()
billing.invoices.getUpcoming()
billing.invoices.issue()
billing.invoices.items.create()
billing.invoices.items.delete()
billing.invoices.items.get()
billing.invoices.items.getUpcoming()
billing.invoices.items.iterate()
billing.invoices.items.list()
billing.invoices.items.update()
billing.invoices.iterate()
billing.invoices.list()
billing.invoices.pay()
billing.invoices.resend()
billing.invoices.update()
billing.invoices.void()
community.companies.create()
community.companies.get()
community.companies.iterate()
community.companies.list()
community.companies.update()
community.memberships.create()
community.memberships.delete()
community.memberships.get()
community.memberships.iterate()
community.memberships.iterateDeleted()
community.memberships.list()
community.memberships.listDeleted()
community.memberships.update()
contracts.create()
contracts.declineContract()
contracts.delete()
contracts.get()
contracts.issue()
contracts.iterate()
contracts.list()
contracts.resend()
contracts.signContract()
contracts.templates.create()
contracts.templates.delete()
contracts.templates.duplicate()
contracts.templates.get()
contracts.templates.iterate()
contracts.templates.list()
contracts.templates.update()
contracts.terminate()
contracts.update()
discounts.coupons.create()
discounts.coupons.delete()
discounts.coupons.get()
discounts.coupons.iterate()
discounts.coupons.list()
discounts.coupons.update()
discounts.iterateRedemptions()
discounts.listRedemptions()
discounts.promocodes.archive()
discounts.promocodes.create()
discounts.promocodes.get()
discounts.promocodes.list()
events.addEventHosts()
events.cancel()
events.copy()
events.create()
events.delete()
events.get()
events.list()
events.tickets.checkIn()
events.tickets.delete()
events.tickets.get()
events.tickets.iterate()
events.tickets.list()
events.tickets.update()
events.update()
feed.comments.create()
feed.comments.createLike()
feed.comments.delete()
feed.comments.deleteLike()
feed.posts.create()
feed.posts.createLike()
feed.posts.delete()
feed.posts.deleteLike()
feed.posts.get()
feed.posts.getComments()
feed.posts.getLikes()
feed.posts.iterate()
feed.posts.list()
feed.posts.update()
floors.delete()
floors.list()
guides.create()
guides.delete()
guides.get()
guides.iterate()
guides.list()
guides.update()
locations.get()
locations.list()
networks.list()
packages.create()
packages.delete()
packages.iterate()
packages.list()
packages.update()
plans.create()
plans.delete()
plans.get()
plans.iterate()
plans.list()
plans.update()
registrations.iterate()
registrations.list()
resources.bookings.create()
resources.bookings.delete()
resources.bookings.get()
resources.bookings.iterate()
resources.bookings.list()
resources.create()
resources.get()
resources.iterate()
resources.list()
resources.update()
shop.categories.create()
shop.categories.delete()
shop.categories.get()
shop.categories.list()
shop.categories.update()
shop.orders.get()
shop.orders.iterate()
shop.orders.list()
shop.products.create()
shop.products.delete()
shop.products.get()
shop.products.iterate()
shop.products.list()
shop.products.update()
subscriptions.create()
subscriptions.createItem()
subscriptions.delete()
subscriptions.deleteItem()
subscriptions.get()
subscriptions.iterate()
subscriptions.list()
subscriptions.update()
subscriptions.updateItem()
support.tickets.comment.create()
support.tickets.comment.delete()
support.tickets.create()
support.tickets.get()
support.tickets.iterate()
support.tickets.list()
support.tickets.updateAssignee()
support.tickets.updateStatus()
support.tickets.updateType()
transactions.balances.getCredits()
transactions.balances.getDayPasses()
transactions.credits.create()
transactions.credits.iterate()
transactions.credits.list()
transactions.dayPasses.create()
transactions.dayPasses.get()
transactions.dayPasses.iterate()
transactions.dayPasses.list()
transactions.money.get()
transactions.money.iterate()
transactions.money.list()
visitors.contacts.create()
visitors.contacts.get()
visitors.contacts.iterate()
visitors.contacts.list()
visitors.requests.approve()
visitors.requests.create()
visitors.requests.get()
visitors.requests.iterate()
visitors.requests.list()
visitors.requests.reject()
visitors.visits.checkIn()
visitors.visits.checkOut()
visitors.visits.create()
visitors.visits.delete()
visitors.visits.get()
visitors.visits.iterate()
visitors.visits.list()
visitors.visits.update()"
`;
